################################################################################
#                                                                              #
#      IAR Universal Linker V6.5.1.95                                          #
#                                                                              #
#           Link time     =  30/Apr/2023  19:39:00                             #
#           Target CPU    =  MSP430                                            #
#           List file     =  D:\IAR\VXL\Hoai\CK\Debug\List\cuoiky.map          #
#           Output file 1 =  D:\IAR\VXL\Hoai\CK\Debug\Exe\cuoiky.d43           #
#                            Format: ubrof10                                   #
#                            UBROF version 10.0.6                              #
#                            Using library modules for C-SPY (-rt)             #
#           Command line  =  -f C:\Users\Acer\AppData\Local\Temp\EWA63.tmp     #
#                            (D:\IAR\VXL\Hoai\CK\Debug\Obj\BH1750.r43          #
#                            D:\IAR\VXL\Hoai\CK\Debug\Obj\delay.r43            #
#                            D:\IAR\VXL\Hoai\CK\Debug\Obj\HW_I2C.r43           #
#                            D:\IAR\VXL\Hoai\CK\Debug\Obj\lcd.r43              #
#                            D:\IAR\VXL\Hoai\CK\Debug\Obj\main.r43             #
#                            D:\IAR\VXL\Hoai\CK\Debug\Obj\PCF8574.r43          #
#                            D:\IAR\VXL\Hoai\CK\Debug\Obj\SW_I2C.r43 -o        #
#                            D:\IAR\VXL\Hoai\CK\Debug\Exe\cuoiky.d43 -l        #
#                            D:\IAR\VXL\Hoai\CK\Debug\List\cuoiky.map -xms     #
#                            "-IC:\Program Files (x86)\IAR Systems\Embedded Wo #
#                            rkbench 8.0\430\LIB\"                             #
#                            -f                                                #
#                            "C:\Program Files (x86)\IAR Systems\Embedded Work #
#                            bench 8.0\430\config\linker\lnk430g2553.xcl"      #
#                            (-cmsp430 -QCODE_I=CODE_ID -QTLS16_I=TLS16_ID     #
#                            -Z(CONST)INFO=1000-10FF                           #
#                            -Z(CONST)INFOA=10C0-10FF                          #
#                            -Z(CONST)INFOB=1080-10BF                          #
#                            -Z(CONST)INFOC=1040-107F                          #
#                            -Z(CONST)INFOD=1000-103F                          #
#                            -Z(DATA)DATA16_I,DATA16_Z,DATA16_N,TLS16_I=0200-0 #
#                            3FF                                               #
#                            -Z(DATA)DATA16_HEAP+_DATA16_HEAP_SIZE             #
#                            -Z(DATA)CODE_I -Z(DATA)CSTACK+_STACK_SIZE#        #
#                            -Z(CONST)DATA16_C,DATA16_ID,TLS16_ID,DIFUNCT,CHEC #
#                            KSUM=C000-FFDD                                    #
#                            -Z(CODE)CSTART,ISR_CODE,CODE_ID=C000-FFDD         #
#                            -P(CODE)CODE=C000-FFDD                            #
#                            -Z(CONST)SIGNATURE=FFDE-FFDF                      #
#                            -Z(CODE)INTVEC=FFE0-FFFF                          #
#                            -Z(CODE)RESET=FFFE-FFFF) -D_STACK_SIZE=50 -rt     #
#                            "C:\Program Files (x86)\IAR Systems\Embedded Work #
#                            bench 8.0\430\lib\dlib\dl430fn.r43"               #
#                            -e_PrintfLarge=_Printf -e_ScanfLarge=_Scanf       #
#                            -D_DATA16_HEAP_SIZE=50 -s __program_start         #
#                            -D_DATA20_HEAP_SIZE=50)                           #
#                                                                              #
#                           Copyright (C) 1987-2016 IAR Systems AB.            #
################################################################################





                ****************************************
                *                                      *
                *           CROSS REFERENCE            *
                *                                      *
                ****************************************

       Program entry at :           C078  Relocatable, from module : ?cstart




                ****************************************
                *                                      *
                *            RUNTIME MODEL             *
                *                                      *
                ****************************************

  __Heap_Handler             = Basic
  __SystemLibrary            = DLib
  __core                     = 430
  __dlib_file_descriptor     = 0
  __dlib_full_locale_support = 0
  __double_size              = 32
  __pic                      = no
  __reg_r4                   = free
  __reg_r5                   = free
  __rt_version               = 3

                ****************************************
                *                                      *
                *    AUTOMATIC SYMBOL REDIRECTIONS     *
                *                                      *
                ****************************************

                  There are no automatic symbol redirections.



                ****************************************
                *                                      *
                *              MODULE MAP              *
                *                                      *
                ****************************************


  DEFINED ABSOLUTE ENTRIES
    *************************************************************************

  DEFINED ABSOLUTE ENTRIES
  PROGRAM MODULE, NAME : ?ABS_ENTRY_MOD

Absolute parts
           ENTRY                   ADDRESS         REF BY
           =====                   =======         ======
           _DATA20_HEAP_SIZE       0050 
           _DATA16_HEAP_SIZE       0050 
           _STACK_SIZE             0050 
    *************************************************************************

  FILE NAME : D:\IAR\VXL\Hoai\CK\Debug\Obj\BH1750.r43
  PROGRAM MODULE, NAME : BH1750

  SEGMENTS IN THE MODULE
  ======================
<CODE> 1 (was CODE)
  Relative segment, address: C870 - C885 (0x16 bytes), align: 1
  Segment part 4.
           ENTRY                   ADDRESS         REF BY
           =====                   =======         ======
           BH1750_init             C870            main (main)
               calls direct
    -------------------------------------------------------------------------
<CODE> 1 (was CODE)
  Relative segment, address: C92E - C937 (0xa bytes), align: 1
  Segment part 3.             Intra module refs:   BH1750_init
                                                   get_lux_value
           ENTRY                   ADDRESS         REF BY
           =====                   =======         ======
           BH1750_write            C92E 
               calls direct
    -------------------------------------------------------------------------
<CODE> 1 (was CODE)
  Relative segment, address: C650 - C691 (0x42 bytes), align: 1
  Segment part 5.             Intra module refs:   get_lux_value
           ENTRY                   ADDRESS         REF BY
           =====                   =======         ======
           BH1750_read_word        C650 
               calls direct
    -------------------------------------------------------------------------
<CODE> 1 (was CODE)
  Relative segment, address: C40C - C46D (0x62 bytes), align: 1
  Segment part 6.
           ENTRY                   ADDRESS         REF BY
           =====                   =======         ======
           get_lux_value           C40C            main (main)
               calls direct

    *************************************************************************

  FILE NAME : D:\IAR\VXL\Hoai\CK\Debug\Obj\delay.r43
  PROGRAM MODULE, NAME : delay

  SEGMENTS IN THE MODULE
  ======================
<CODE> 1 (was CODE)
  Relative segment, address: C8C0 - C8D1 (0x12 bytes), align: 1
  Segment part 2.             Intra module refs:   delay_ms
           ENTRY                   ADDRESS         REF BY
           =====                   =======         ======
           delay_us                C8C0            SW_I2C_ACK_NACK (SW_I2C)
                                                   SW_I2C_start (SW_I2C)
                                                   SW_I2C_stop (SW_I2C)
                                                   SW_I2C_write (SW_I2C)
    -------------------------------------------------------------------------
<CODE> 1 (was CODE)
  Relative segment, address: C89A - C8AD (0x14 bytes), align: 1
  Segment part 3.
           ENTRY                   ADDRESS         REF BY
           =====                   =======         ======
           delay_ms                C89A            BH1750_init (BH1750)
                                                   LCD_init (lcd)
                                                   LCD_send (lcd)
                                                   LCD_toggle_EN (lcd)
                                                   PCF8574_init (PCF8574)
                                                   SW_I2C_init (SW_I2C)
                                                   get_lux_value (BH1750)
                                                   intro (main)
                                                   main (main)
               calls direct

    *************************************************************************

  FILE NAME : D:\IAR\VXL\Hoai\CK\Debug\Obj\HW_I2C.r43
  PROGRAM MODULE, NAME : HW_I2C

  SEGMENTS IN THE MODULE
  ======================
DATA16_AN
  Relative segment, address: 0003 - 0003 (0x1 bytes), align: 0
  Segment part 1. ROOT        Intra module refs:   I2C_USCI_read_word
                                                   I2C_USCI_write_byte
           ENTRY                   ADDRESS         REF BY
           =====                   =======         ======
           IFG2                    0003 
    -------------------------------------------------------------------------
DATA16_AN
  Relative segment, address: 0021 - 0021 (0x1 bytes), align: 0
  Segment part 2. ROOT        Intra module refs:   GPIO_graceInit (main)
                                                   I2C_USCI_init
                                                   main (main)
           ENTRY                   ADDRESS         REF BY
           =====                   =======         ======
           P1OUT                   0021 
    -------------------------------------------------------------------------
DATA16_AN
  Relative segment, address: 0022 - 0022 (0x1 bytes), align: 0
  Segment part 3. ROOT        Intra module refs:   GPIO_graceInit (main)
                                                   I2C_USCI_init
           ENTRY                   ADDRESS         REF BY
           =====                   =======         ======
           P1DIR                   0022 
    -------------------------------------------------------------------------
DATA16_AN
  Relative segment, address: 0026 - 0026 (0x1 bytes), align: 0
  Segment part 4. ROOT        Intra module refs:   GPIO_graceInit (main)
                                                   I2C_USCI_init
           ENTRY                   ADDRESS         REF BY
           =====                   =======         ======
           P1SEL                   0026 
    -------------------------------------------------------------------------
DATA16_AN
  Relative segment, address: 0041 - 0041 (0x1 bytes), align: 0
  Segment part 5. ROOT        Intra module refs:   GPIO_graceInit (main)
                                                   I2C_USCI_init
           ENTRY                   ADDRESS         REF BY
           =====                   =======         ======
           P1SEL2                  0041 
    -------------------------------------------------------------------------
DATA16_AN
  Relative segment, address: 0068 - 0068 (0x1 bytes), align: 0
  Segment part 6. ROOT        Intra module refs:   I2C_USCI_init
                                                   USCI_B0_graceInit (main)
           ENTRY                   ADDRESS         REF BY
           =====                   =======         ======
           UCB0CTL0                0068 
    -------------------------------------------------------------------------
DATA16_AN
  Relative segment, address: 0069 - 0069 (0x1 bytes), align: 0
  Segment part 7. ROOT        Intra module refs:   I2C_USCI_init
                                                   I2C_USCI_read_word
                                                   I2C_USCI_write_byte
                                                   USCI_B0_graceInit (main)
           ENTRY                   ADDRESS         REF BY
           =====                   =======         ======
           UCB0CTL1                0069 
    -------------------------------------------------------------------------
DATA16_AN
  Relative segment, address: 006A - 006A (0x1 bytes), align: 0
  Segment part 8. ROOT        Intra module refs:   I2C_USCI_init
                                                   USCI_B0_graceInit (main)
           ENTRY                   ADDRESS         REF BY
           =====                   =======         ======
           UCB0BR0                 006A 
    -------------------------------------------------------------------------
DATA16_AN
  Relative segment, address: 006D - 006D (0x1 bytes), align: 0
  Segment part 9. ROOT        Intra module refs:   I2C_USCI_read_word
                                                   I2C_USCI_write_byte
           ENTRY                   ADDRESS         REF BY
           =====                   =======         ======
           UCB0STAT                006D 
    -------------------------------------------------------------------------
DATA16_AN
  Relative segment, address: 006E - 006E (0x1 bytes), align: 0
  Segment part 10. ROOT       Intra module refs:   I2C_USCI_read_word
           ENTRY                   ADDRESS         REF BY
           =====                   =======         ======
           UCB0RXBUF               006E 
    -------------------------------------------------------------------------
DATA16_AN
  Relative segment, address: 006F - 006F (0x1 bytes), align: 0
  Segment part 11. ROOT       Intra module refs:   I2C_USCI_read_word
                                                   I2C_USCI_write_byte
           ENTRY                   ADDRESS         REF BY
           =====                   =======         ======
           UCB0TXBUF               006F 
    -------------------------------------------------------------------------
DATA16_AN
  Relative segment, address: 011A - 011B (0x2 bytes), align: 0
  Segment part 12. ROOT       Intra module refs:   I2C_USCI_init
                                                   USCI_B0_graceInit (main)
           ENTRY                   ADDRESS         REF BY
           =====                   =======         ======
           UCB0I2CSA               011A 
    -------------------------------------------------------------------------
<CODE> 1 (was CODE)
  Relative segment, address: C6D2 - C70B (0x3a bytes), align: 1
  Segment part 14.
           ENTRY                   ADDRESS         REF BY
           =====                   =======         ======
           I2C_USCI_init           C6D2            BH1750_init (BH1750)
    -------------------------------------------------------------------------
<CODE> 1 (was CODE)
  Relative segment, address: C2F2 - C389 (0x98 bytes), align: 1
  Segment part 17.
           ENTRY                   ADDRESS         REF BY
           =====                   =======         ======
           I2C_USCI_read_word      C2F2            BH1750_read_word (BH1750)
    -------------------------------------------------------------------------
<CODE> 1 (was CODE)
  Relative segment, address: C4CC - C521 (0x56 bytes), align: 1
  Segment part 18.
           ENTRY                   ADDRESS         REF BY
           =====                   =======         ======
           I2C_USCI_write_byte     C4CC            BH1750_write (BH1750)

    *************************************************************************

  FILE NAME : D:\IAR\VXL\Hoai\CK\Debug\Obj\lcd.r43
  PROGRAM MODULE, NAME : lcd

  SEGMENTS IN THE MODULE
  ======================
DATA16_Z
  Relative segment, address: 0204 - 0204 (0x1 bytes), align: 0
  Segment part 2.             Intra module refs:   LCD_init
                                                   LCD_send
           LOCAL                   ADDRESS         
           =====                   =======         
           bl_state                0204 
    -------------------------------------------------------------------------
DATA16_Z
  Relative segment, address: 0205 - 0205 (0x1 bytes), align: 0
  Segment part 3.             Intra module refs:   LCD_4bit_send
                                                   LCD_init
                                                   LCD_send
                                                   LCD_toggle_EN
           LOCAL                   ADDRESS         
           =====                   =======         
           data_value              0205 
    -------------------------------------------------------------------------
<CODE> 1 (was CODE)
  Relative segment, address: C46E - C4CB (0x5e bytes), align: 1
  Segment part 7.
           ENTRY                   ADDRESS         REF BY
           =====                   =======         ======
           LCD_init                C46E            main (main)
               calls direct
    -------------------------------------------------------------------------
<CODE> 1 (was CODE)
  Relative segment, address: C788 - C7AD (0x26 bytes), align: 1
  Segment part 4.             Intra module refs:   LCD_4bit_send
           ENTRY                   ADDRESS         REF BY
           =====                   =======         ======
           LCD_toggle_EN           C788 
               calls direct
    -------------------------------------------------------------------------
<CODE> 1 (was CODE)
  Relative segment, address: C5C0 - C607 (0x48 bytes), align: 1
  Segment part 6.             Intra module refs:   LCD_clear_home
                                                   LCD_goto
                                                   LCD_init
                                                   LCD_putchar
           ENTRY                   ADDRESS         REF BY
           =====                   =======         ======
           LCD_send                C5C0 
               calls direct
    -------------------------------------------------------------------------
<CODE> 1 (was CODE)
  Relative segment, address: C574 - C5BF (0x4c bytes), align: 1
  Segment part 5.             Intra module refs:   LCD_send
           ENTRY                   ADDRESS         REF BY
           =====                   =======         ======
           LCD_4bit_send           C574 
               calls direct
    -------------------------------------------------------------------------
<CODE> 1 (was CODE)
  Relative segment, address: C85A - C86F (0x16 bytes), align: 1
  Segment part 9.
           ENTRY                   ADDRESS         REF BY
           =====                   =======         ======
           LCD_putstr              C85A            intro (main)
                                                   lcd_print (main)
                                                   main (main)
               calls direct
    -------------------------------------------------------------------------
<CODE> 1 (was CODE)
  Relative segment, address: C886 - C899 (0x14 bytes), align: 1
  Segment part 8.             Intra module refs:   LCD_putstr
           ENTRY                   ADDRESS         REF BY
           =====                   =======         ======
           LCD_putchar             C886            lcd_3n (main)
               calls direct
    -------------------------------------------------------------------------
<CODE> 1 (was CODE)
  Relative segment, address: C904 - C913 (0x10 bytes), align: 1
  Segment part 10.
           ENTRY                   ADDRESS         REF BY
           =====                   =======         ======
           LCD_clear_home          C904            intro (main)
                                                   main (main)
               calls direct
    -------------------------------------------------------------------------
<CODE> 1 (was CODE)
  Relative segment, address: C842 - C859 (0x18 bytes), align: 1
  Segment part 11.
           ENTRY                   ADDRESS         REF BY
           =====                   =======         ======
           LCD_goto                C842            intro (main)
                                                   lcd_print (main)
                                                   main (main)
               calls direct

    *************************************************************************

  FILE NAME : D:\IAR\VXL\Hoai\CK\Debug\Obj\main.r43
  PROGRAM MODULE, NAME : main

  SEGMENTS IN THE MODULE
  ======================
DATA16_AN
  Relative segment, address: 0056 - 0056 (0x1 bytes), align: 0
  Segment part 1. ROOT        Intra module refs:   BCSplus_graceInit
           ENTRY                   ADDRESS         REF BY
           =====                   =======         ======
           DCOCTL                  0056 
    -------------------------------------------------------------------------
DATA16_AN
  Relative segment, address: 0057 - 0057 (0x1 bytes), align: 0
  Segment part 2. ROOT        Intra module refs:   BCSplus_graceInit
           ENTRY                   ADDRESS         REF BY
           =====                   =======         ======
           BCSCTL1                 0057 
    -------------------------------------------------------------------------
DATA16_AN
  Relative segment, address: 0058 - 0058 (0x1 bytes), align: 0
  Segment part 3. ROOT        Intra module refs:   BCSplus_graceInit
           ENTRY                   ADDRESS         REF BY
           =====                   =======         ======
           BCSCTL2                 0058 
    -------------------------------------------------------------------------
DATA16_AN
  Relative segment, address: 0053 - 0053 (0x1 bytes), align: 0
  Segment part 4. ROOT        Intra module refs:   BCSplus_graceInit
           ENTRY                   ADDRESS         REF BY
           =====                   =======         ======
           BCSCTL3                 0053 
    -------------------------------------------------------------------------
DATA16_AN
  Relative segment, address: 0020 - 0020 (0x1 bytes), align: 0
  Segment part 5. ROOT        Intra module refs:   Port
           ENTRY                   ADDRESS         REF BY
           =====                   =======         ======
           P1IN                    0020 
    -------------------------------------------------------------------------
DATA16_AN
  Relative segment, address: 0023 - 0023 (0x1 bytes), align: 0
  Segment part 8. ROOT        Intra module refs:   GPIO_graceInit
                                                   Port
           ENTRY                   ADDRESS         REF BY
           =====                   =======         ======
           P1IFG                   0023 
    -------------------------------------------------------------------------
DATA16_AN
  Relative segment, address: 0024 - 0024 (0x1 bytes), align: 0
  Segment part 9. ROOT        Intra module refs:   GPIO_graceInit
           ENTRY                   ADDRESS         REF BY
           =====                   =======         ======
           P1IES                   0024 
    -------------------------------------------------------------------------
DATA16_AN
  Relative segment, address: 0025 - 0025 (0x1 bytes), align: 0
  Segment part 10. ROOT       Intra module refs:   GPIO_graceInit
           ENTRY                   ADDRESS         REF BY
           =====                   =======         ======
           P1IE                    0025 
    -------------------------------------------------------------------------
DATA16_AN
  Relative segment, address: 0029 - 0029 (0x1 bytes), align: 0
  Segment part 13. ROOT       Intra module refs:   GPIO_graceInit
                                                   SW_I2C_ACK_NACK (SW_I2C)
                                                   SW_I2C_init (SW_I2C)
                                                   SW_I2C_start (SW_I2C)
                                                   SW_I2C_stop (SW_I2C)
                                                   SW_I2C_write (SW_I2C)
           ENTRY                   ADDRESS         REF BY
           =====                   =======         ======
           P2OUT                   0029 
    -------------------------------------------------------------------------
DATA16_AN
  Relative segment, address: 002A - 002A (0x1 bytes), align: 0
  Segment part 14. ROOT       Intra module refs:   GPIO_graceInit
                                                   SW_I2C_ACK_NACK (SW_I2C)
                                                   SW_I2C_init (SW_I2C)
                                                   SW_I2C_start (SW_I2C)
                                                   SW_I2C_stop (SW_I2C)
                                                   SW_I2C_write (SW_I2C)
           ENTRY                   ADDRESS         REF BY
           =====                   =======         ======
           P2DIR                   002A 
    -------------------------------------------------------------------------
DATA16_AN
  Relative segment, address: 0120 - 0121 (0x2 bytes), align: 0
  Segment part 19. ROOT       Intra module refs:   WDTplus_graceInit
                                                   main
           ENTRY                   ADDRESS         REF BY
           =====                   =======         ======
           WDTCTL                  0120 
    -------------------------------------------------------------------------
DATA16_AN
  Relative segment, address: 10FE - 10FE (0x1 bytes), align: 0
  Segment part 20. ROOT       Intra module refs:   BCSplus_graceInit
           ENTRY                   ADDRESS         REF BY
           =====                   =======         ======
           CALDCO_1MHZ             10FE 
    -------------------------------------------------------------------------
DATA16_AN
  Relative segment, address: 10FF - 10FF (0x1 bytes), align: 0
  Segment part 21. ROOT       Intra module refs:   BCSplus_graceInit
           ENTRY                   ADDRESS         REF BY
           =====                   =======         ======
           CALBC1_1MHZ             10FF 
    -------------------------------------------------------------------------
DATA16_I
  Relative segment, address: 0200 - 0203 (0x4 bytes), align: 1
  Segment part 35.            Intra module refs:   Port
                                                   main
           ENTRY                   ADDRESS         REF BY
           =====                   =======         ======
           cuongdoset              0200 
    -------------------------------------------------------------------------
<CODE> 1 (was CODE)
  Relative segment, address: C0A0 - C199 (0xfa bytes), align: 1
  Segment part 45.
           ENTRY                   ADDRESS         REF BY
           =====                   =======         ======
           main                    C0A0            Segment part 19 (?cstart)
               calls direct
    -------------------------------------------------------------------------
<CODE> 1 (was CODE)
  Relative segment, address: C522 - C573 (0x52 bytes), align: 1
  Segment part 46.            Intra module refs:   Port::??INTVEC 4
           ENTRY                   ADDRESS         REF BY
           =====                   =======         ======
           Port                    C522 
               interrupt function
    -------------------------------------------------------------------------
<CODE> 1 (was CODE)
  Relative segment, address: C38A - C40B (0x82 bytes), align: 1
  Segment part 38.            Intra module refs:   main
           ENTRY                   ADDRESS         REF BY
           =====                   =======         ======
           lcd_3n                  C38A 
               calls direct
    -------------------------------------------------------------------------
<CODE> 1 (was CODE)
  Relative segment, address: C19A - C24B (0xb2 bytes), align: 1
  Segment part 39.            Intra module refs:   main
           ENTRY                   ADDRESS         REF BY
           =====                   =======         ======
           intro                   C19A 
               calls direct
    -------------------------------------------------------------------------
<CODE> 1 (was CODE)
  Relative segment, address: C692 - C6D1 (0x40 bytes), align: 1
  Segment part 44.            Intra module refs:   main
           ENTRY                   ADDRESS         REF BY
           =====                   =======         ======
           GPIO_graceInit          C692 
    -------------------------------------------------------------------------
<CODE> 1 (was CODE)
  Relative segment, address: C762 - C787 (0x26 bytes), align: 1
  Segment part 43.            Intra module refs:   main
           ENTRY                   ADDRESS         REF BY
           =====                   =======         ======
           BCSplus_graceInit       C762 
    -------------------------------------------------------------------------
<CODE> 1 (was CODE)
  Relative segment, address: C7D0 - C7F1 (0x22 bytes), align: 1
  Segment part 42.            Intra module refs:   main
           ENTRY                   ADDRESS         REF BY
           =====                   =======         ======
           USCI_B0_graceInit       C7D0 
    -------------------------------------------------------------------------
<CODE> 1 (was CODE)
  Relative segment, address: C944 - C947 (0x4 bytes), align: 1
  Segment part 41.            Intra module refs:   main
           ENTRY                   ADDRESS         REF BY
           =====                   =======         ======
           System_graceInit        C944 
    -------------------------------------------------------------------------
<CODE> 1 (was CODE)
  Relative segment, address: C938 - C93F (0x8 bytes), align: 1
  Segment part 40.            Intra module refs:   main
           ENTRY                   ADDRESS         REF BY
           =====                   =======         ======
           WDTplus_graceInit       C938 
    -------------------------------------------------------------------------
<CODE> 1 (was CODE)
  Relative segment, address: C24C - C2F1 (0xa6 bytes), align: 1
  Segment part 37.            Intra module refs:   main
           ENTRY                   ADDRESS         REF BY
           =====                   =======         ======
           lcd_print               C24C 
               calls direct
    -------------------------------------------------------------------------
INTVEC
  Common segment, address: FFE0 - FFE5 (0x6 bytes), align: 1
  Segment part 22. ROOT 
           ENTRY                   ADDRESS         REF BY
           =====                   =======         ======
           Port::??INTVEC 4        FFE4 
    -------------------------------------------------------------------------
DATA16_ID
  Relative segment, address: C074 - C077 (0x4 bytes), align: 1
  Segment part 36.            Intra module refs:   cuongdoset
    -------------------------------------------------------------------------
DATA16_C
  Relative segment, address: C000 - C008 (0x9 bytes), align: 0
  Segment part 24.            Intra module refs:   main
    -------------------------------------------------------------------------
DATA16_C
  Relative segment, address: C009 - C00D (0x5 bytes), align: 0
  Segment part 25.            Intra module refs:   main
    -------------------------------------------------------------------------
DATA16_C
  Relative segment, address: C00E - C01D (0x10 bytes), align: 0
  Segment part 26.            Intra module refs:   intro
    -------------------------------------------------------------------------
DATA16_C
  Relative segment, address: C01E - C02C (0xf bytes), align: 0
  Segment part 27.            Intra module refs:   intro
    -------------------------------------------------------------------------
DATA16_C
  Relative segment, address: C02D - C038 (0xc bytes), align: 0
  Segment part 28.            Intra module refs:   intro
    -------------------------------------------------------------------------
DATA16_C
  Relative segment, address: C039 - C041 (0x9 bytes), align: 0
  Segment part 29.            Intra module refs:   intro
    -------------------------------------------------------------------------
DATA16_C
  Relative segment, address: C042 - C047 (0x6 bytes), align: 0
  Segment part 30.            Intra module refs:   intro
    -------------------------------------------------------------------------
DATA16_C
  Relative segment, address: C048 - C055 (0xe bytes), align: 0
  Segment part 31.            Intra module refs:   intro
    -------------------------------------------------------------------------
DATA16_C
  Relative segment, address: C056 - C05B (0x6 bytes), align: 0
  Segment part 32.            Intra module refs:   intro
    -------------------------------------------------------------------------
DATA16_C
  Relative segment, address: C05C - C069 (0xe bytes), align: 0
  Segment part 33.            Intra module refs:   intro
    -------------------------------------------------------------------------
DATA16_C
  Relative segment, address: C06A - C073 (0xa bytes), align: 0
  Segment part 34.            Intra module refs:   lcd_print

    *************************************************************************

  FILE NAME : D:\IAR\VXL\Hoai\CK\Debug\Obj\PCF8574.r43
  PROGRAM MODULE, NAME : PCF8574

  SEGMENTS IN THE MODULE
  ======================
<CODE> 1 (was CODE)
  Relative segment, address: C922 - C92D (0xc bytes), align: 1
  Segment part 2.
           ENTRY                   ADDRESS         REF BY
           =====                   =======         ======
           PCF8574_init            C922            LCD_init (lcd)
               calls direct
    -------------------------------------------------------------------------
<CODE> 1 (was CODE)
  Relative segment, address: C738 - C761 (0x2a bytes), align: 1
  Segment part 4.
           ENTRY                   ADDRESS         REF BY
           =====                   =======         ======
           PCF8574_write           C738            LCD_4bit_send (lcd)
                                                   LCD_init (lcd)
                                                   LCD_send (lcd)
                                                   LCD_toggle_EN (lcd)
               calls direct

    *************************************************************************

  FILE NAME : D:\IAR\VXL\Hoai\CK\Debug\Obj\SW_I2C.r43
  PROGRAM MODULE, NAME : SW_I2C

  SEGMENTS IN THE MODULE
  ======================
DATA16_AN
  Relative segment, address: 0028 - 0028 (0x1 bytes), align: 0
  Segment part 1. ROOT 
           ENTRY                   ADDRESS         REF BY
           =====                   =======         ======
           P2IN                    0028 
    -------------------------------------------------------------------------
<CODE> 1 (was CODE)
  Relative segment, address: C82A - C841 (0x18 bytes), align: 1
  Segment part 5.
           ENTRY                   ADDRESS         REF BY
           =====                   =======         ======
           SW_I2C_init             C82A            PCF8574_init (PCF8574)
               calls direct
    -------------------------------------------------------------------------
<CODE> 1 (was CODE)
  Relative segment, address: C7AE - C7CF (0x22 bytes), align: 1
  Segment part 6.
           ENTRY                   ADDRESS         REF BY
           =====                   =======         ======
           SW_I2C_start            C7AE            PCF8574_write (PCF8574)
               calls direct
    -------------------------------------------------------------------------
<CODE> 1 (was CODE)
  Relative segment, address: C7F2 - C811 (0x20 bytes), align: 1
  Segment part 7.
           ENTRY                   ADDRESS         REF BY
           =====                   =======         ======
           SW_I2C_stop             C7F2            PCF8574_write (PCF8574)
               calls direct
    -------------------------------------------------------------------------
<CODE> 1 (was CODE)
  Relative segment, address: C608 - C64F (0x48 bytes), align: 1
  Segment part 10.
           ENTRY                   ADDRESS         REF BY
           =====                   =======         ======
           SW_I2C_write            C608            PCF8574_write (PCF8574)
               calls direct
    -------------------------------------------------------------------------
<CODE> 1 (was CODE)
  Relative segment, address: C70C - C737 (0x2c bytes), align: 1
  Segment part 8.
           ENTRY                   ADDRESS         REF BY
           =====                   =======         ======
           SW_I2C_ACK_NACK         C70C            PCF8574_write (PCF8574)
               calls direct

    *************************************************************************

  FILE NAME : C:\Program Files (x86)\IAR Systems\Embedded Workbench 8.0\430\lib\dlib\dl430fn.r43
  LIBRARY MODULE, NAME : ?__dbg_break

  SEGMENTS IN THE MODULE
  ======================
<CODE> 1 (was CODE)
  Relative segment, address: C950 - C951 (0x2 bytes), align: 1
  Segment part 2.
           ENTRY                   ADDRESS         REF BY
           =====                   =======         ======
           __DebugBreak            C950            __exit (?__exit)

    -------------------------------------------------------------------------
  LIBRARY MODULE, NAME : ?__exit

  SEGMENTS IN THE MODULE
  ======================
<CODE> 1 (was CODE)
  Relative segment, address: C8AE - C8BF (0x12 bytes), align: 1
  Segment part 2.
           ENTRY                   ADDRESS         REF BY
           =====                   =======         ======
           __exit                  C8AE            Segment part 6 (?_exit)
                                                   _exit (?_exit)
               calls direct

    -------------------------------------------------------------------------
  LIBRARY MODULE, NAME : ?_exit

  SEGMENTS IN THE MODULE
  ======================
<CODE> 1 (was CODE)
  Relative segment, address: C94C, align: 1
  Segment part 0.
           ENTRY                   ADDRESS         REF BY
           =====                   =======         ======
           _exit                   C94C            exit (?exit)
    -------------------------------------------------------------------------
<CODE> 1 (was CODE)
  Relative segment, address: C94C - C94F (0x4 bytes), align: 1
  Segment part 6.             Intra module refs:   _exit

    -------------------------------------------------------------------------
  LIBRARY MODULE, NAME : ?cstart

  SEGMENTS IN THE MODULE
  ======================
CSTACK
  Relative segment, address: 03B0, align: 1
  Segment part 1.
    -------------------------------------------------------------------------
DATA16_Z
  Relative segment, address: 0204, align: 1
  Segment part 2.
    -------------------------------------------------------------------------
DATA16_I
  Relative segment, address: 0204, align: 1
  Segment part 3.
    -------------------------------------------------------------------------
DATA16_ID
  Relative segment, address: C078, align: 1
  Segment part 4.
    -------------------------------------------------------------------------
CSTART
  Relative segment, address: C078 - C07B (0x4 bytes), align: 1
  Segment part 9.
           ENTRY                   ADDRESS         REF BY
           =====                   =======         ======
           __program_start         C078            ?reset_vector (?reset_vector)
                                                   Absolute parts (?ABS_ENTRY_MOD)
           ?cstart_begin           C078 
    -------------------------------------------------------------------------
CSTART
  Relative segment, address: C07C - C087 (0xc bytes), align: 1
  Segment part 14.
           ENTRY                   ADDRESS         REF BY
           =====                   =======         ======
           ?cstart_init_zero       C07C            bl_state (lcd)
                                                   data_value (lcd)
    -------------------------------------------------------------------------
CSTART
  Relative segment, address: C088 - C097 (0x10 bytes), align: 1
  Segment part 15.
           ENTRY                   ADDRESS         REF BY
           =====                   =======         ======
           ?cstart_init_copy       C088            cuongdoset (main)
    -------------------------------------------------------------------------
CSTART
  Relative segment, address: C098 - C09F (0x8 bytes), align: 1
  Segment part 19.            Intra module refs:   Segment part 9
           ENTRY                   ADDRESS         REF BY
           =====                   =======         ======
           ?cstart_call_main       C098 
           ?cstart_end             C0A0 

    -------------------------------------------------------------------------
  LIBRARY MODULE, NAME : ?reset_vector

  SEGMENTS IN THE MODULE
  ======================
RESET
  Relative segment, address: FFFE - FFFF (0x2 bytes), align: 1
  Segment part 0.
           ENTRY                   ADDRESS         REF BY
           =====                   =======         ======
           ?reset_vector           FFFE            Segment part 9 (?cstart)

    -------------------------------------------------------------------------
  LIBRARY MODULE, NAME : ?Epilogue

  SEGMENTS IN THE MODULE
  ======================
<CODE> 1 (was CODE)
  Relative segment, address: C914 - C915 (0x2 bytes), align: 1
  Segment part 2.
           ENTRY                   ADDRESS         REF BY
           =====                   =======         ======
           ?Epilogue6              C914            get_lux_value (BH1750)
    -------------------------------------------------------------------------
<CODE> 1 (was CODE)
  Relative segment, address: C916 - C917 (0x2 bytes), align: 1
  Segment part 3.             Intra module refs:   ?Epilogue6
           ENTRY                   ADDRESS         REF BY
           =====                   =======         ======
           ?Epilogue5              C916 
    -------------------------------------------------------------------------
<CODE> 1 (was CODE)
  Relative segment, address: C918 - C919 (0x2 bytes), align: 1
  Segment part 4.             Intra module refs:   ?Epilogue5
           ENTRY                   ADDRESS         REF BY
           =====                   =======         ======
           ?Epilogue4              C918 
    -------------------------------------------------------------------------
<CODE> 1 (was CODE)
  Relative segment, address: C91A - C921 (0x8 bytes), align: 1
  Segment part 5.             Intra module refs:   ?Epilogue4
           ENTRY                   ADDRESS         REF BY
           =====                   =======         ======
           ?Epilogue3              C91A            lcd_print (main)

    -------------------------------------------------------------------------
  LIBRARY MODULE, NAME : ?exit

  SEGMENTS IN THE MODULE
  ======================
<CODE> 1 (was CODE)
  Relative segment, address: C948 - C94B (0x4 bytes), align: 1
  Segment part 2.
           ENTRY                   ADDRESS         REF BY
           =====                   =======         ======
           exit                    C948            Segment part 19 (?cstart)
               calls direct

    -------------------------------------------------------------------------
  LIBRARY MODULE, NAME : ?DivMod816u

  SEGMENTS IN THE MODULE
  ======================
<CODE> 1 (was CODE)
  Relative segment, address: C812 - C829 (0x18 bytes), align: 1
  Segment part 1.
           ENTRY                   ADDRESS         REF BY
           =====                   =======         ======
           ?DivMod16u              C812            lcd_3n (main)
                                                   lcd_print (main)

    -------------------------------------------------------------------------
  LIBRARY MODULE, NAME : ?memcpy

  SEGMENTS IN THE MODULE
  ======================
<CODE> 1 (was CODE)
  Relative segment, address: C8D2 - C8E3 (0x12 bytes), align: 1
  Segment part 2.
           ENTRY                   ADDRESS         REF BY
           =====                   =======         ======
           memcpy                  C8D2            __data16_memcpy (?memzero)

    -------------------------------------------------------------------------
  LIBRARY MODULE, NAME : ?CopyMemoryBytes

  SEGMENTS IN THE MODULE
  ======================
<CODE> 1 (was CODE)
  Relative segment, address: C8E4 - C8F3 (0x10 bytes), align: 1
  Segment part 0.
           ENTRY                   ADDRESS         REF BY
           =====                   =======         ======
           ?CopyMemoryBytes        C8E4            lcd_print (main)

    -------------------------------------------------------------------------
  LIBRARY MODULE, NAME : ?memzero

  SEGMENTS IN THE MODULE
  ======================
<CODE> 1 (was CODE)
  Relative segment, address: C8F4 - C903 (0x10 bytes), align: 1
  Segment part 2.
           ENTRY                   ADDRESS         REF BY
           =====                   =======         ======
           __data16_memzero        C8F4            ?cstart_init_zero (?cstart)
    -------------------------------------------------------------------------
<CODE> 1 (was CODE)
  Relative segment, address: C940 - C943 (0x4 bytes), align: 1
  Segment part 3.
           ENTRY                   ADDRESS         REF BY
           =====                   =======         ======
           __data16_memcpy         C940            ?cstart_init_copy (?cstart)
               calls direct




                ****************************************
                *                                      *
                *      SEGMENTS IN ADDRESS ORDER       *
                *                                      *
                ****************************************


SEGMENT              SPACE    START ADDRESS   END ADDRESS     SIZE  TYPE  ALIGN
=======              =====    =============   ===========     ====  ====  =====
DATA16_AN                              0003 - 0003               1   rel    0
                                       0020 - 0026               7 
                                       0028 - 002A               3 
                                       0041 - 0041               1 
                                       0053 - 0053               1 
                                       0056 - 0058               3 
                                       0068 - 006A               3 
                                       006D - 006F               3 
                                       011A - 011B               2 
                                       0120 - 0121               2 
DATA16_I                               0200 - 0203               4   rel    1
DATA16_Z                               0204 - 0205               2   rel    1
CSTACK                                 03B0 - 03FF              50   rel    1
DATA16_AN                              10FE - 10FF               2   rel    0
DATA16_C                               C000 - C073              74   rel    0
DATA16_ID                              C074 - C077               4   rel    1
CSTART                                 C078 - C09F              28   rel    1
<CODE> 1                               C0A0 - C951             8B2   rel    1
INTVEC                                 FFE0 - FFE5               6   com    1
RESET                                  FFFE - FFFF               2   rel    1

                ****************************************
                *                                      *
                *        END OF CROSS REFERENCE        *
                *                                      *
                ****************************************

 2 274 bytes of CODE  memory
    86 bytes of DATA  memory (+ 28 absolute )
   120 bytes of CONST memory

Errors: none
Warnings: none

